[ghadaalmashaqbeh.github.io/index.html]
[backblue.gif]
[fade.gif]
[index.html]
[ghadaalmashaqbeh.github.io/assets/main.css]
[ghadaalmashaqbeh.github.io/feed.xml]
[ghadaalmashaqbeh.github.io/images/ghada0.jpg]
[ghadaalmashaqbeh.github.io/index.html]
[ghadaalmashaqbeh.github.io/research/index.html]
[ghadaalmashaqbeh.github.io/talks-and-panels/index.html]
[ghadaalmashaqbeh.github.io/publications/index.html]
[ghadaalmashaqbeh.github.io/teaching/index.html]
[ghadaalmashaqbeh.github.io/assets/main.css]
[ghadaalmashaqbeh.github.io/research/index.html]
[ghadaalmashaqbeh.github.io/team/index.html]
[ghadaalmashaqbeh.github.io/preprint/almashaqbeh-login-21.pdf]
[ghadaalmashaqbeh.github.io/slides/microcash-fc-2020.pdf]
[ghadaalmashaqbeh.github.io/slides/capnet-cns-2019.pdf]
[ghadaalmashaqbeh.github.io/slides/abc-cryblock-2019.pdf]
[ghadaalmashaqbeh.github.io/publications/index.html]
[ghadaalmashaqbeh.github.io/slides/ghc-2020-talk.pdf]
[ghadaalmashaqbeh.github.io/slides/micropayments-talk.pdf]
[ghadaalmashaqbeh.github.io/slides/job-talk.pdf]
[ghadaalmashaqbeh.github.io/slides/cachecash-thesis-defense.pdf]
[ghadaalmashaqbeh.github.io/slides/age-of-cryptocurrencies.pdf]
[ghadaalmashaqbeh.github.io/slides/threat-modeling-for-cryptocurrency-based-systems.pdf]
[ghadaalmashaqbeh.github.io/slides/resource-backed-cryptocurrencies-talk.pdf]
[ghadaalmashaqbeh.github.io/slides/sensible-cryptocurrencies-talk.pdf]
[ghadaalmashaqbeh.github.io/slides/Digital-currencies-talk.pdf]
[ghadaalmashaqbeh.github.io/talks-and-panels/index.html]
[ghadaalmashaqbeh.github.io/team/index.html]
[ghadaalmashaqbeh.github.io/teaching/index.html]
[ghadaalmashaqbeh.github.io/courses/cse3400-s2021/index.html]
[ghadaalmashaqbeh.github.io/courses/blockchain-technology-f2020/index.html]
[ghadaalmashaqbeh.github.io/courses/cse3400-s2021/cse3400-syllabus.pdf]
[ghadaalmashaqbeh.github.io/courses/cse3400-s2021/lecture4.pdf]
[ghadaalmashaqbeh.github.io/courses/cse3400-s2021/lecture3.pdf]
[ghadaalmashaqbeh.github.io/courses/cse3400-s2021/lecture1.pdf]
[ghadaalmashaqbeh.github.io/courses/cse3400-s2021/lecture2.pdf]
[ghadaalmashaqbeh.github.io/courses/cse3400-s2021/index.html]
[ghadaalmashaqbeh.github.io/courses/blockchain-technology-f2020/syllabus.pdf]
[ghadaalmashaqbeh.github.io/courses/blockchain-technology-f2020/cryptoReg.pdf]
[ghadaalmashaqbeh.github.io/courses/blockchain-technology-f2020/ZKP.pdf]
[ghadaalmashaqbeh.github.io/courses/blockchain-technology-f2020/lecture15.pdf]
[ghadaalmashaqbeh.github.io/courses/blockchain-technology-f2020/lecture16.pdf]
[ghadaalmashaqbeh.github.io/courses/blockchain-technology-f2020/lecture14.pdf]
[ghadaalmashaqbeh.github.io/courses/blockchain-technology-f2020/lecture12.pdf]
[ghadaalmashaqbeh.github.io/courses/blockchain-technology-f2020/lecture13.pdf]
[ghadaalmashaqbeh.github.io/unpublished/ghc-2020-full-version.pdf]
[ghadaalmashaqbeh.github.io/courses/blockchain-technology-f2020/lecture10.pdf]
[ghadaalmashaqbeh.github.io/courses/blockchain-technology-f2020/lecture11.pdf]
[ghadaalmashaqbeh.github.io/courses/blockchain-technology-f2020/lecture9.pdf]
[ghadaalmashaqbeh.github.io/courses/blockchain-technology-f2020/lecture8.pdf]
[ghadaalmashaqbeh.github.io/courses/blockchain-technology-f2020/lecture6.pdf]
[ghadaalmashaqbeh.github.io/courses/blockchain-technology-f2020/lecture7.pdf]
[ghadaalmashaqbeh.github.io/courses/blockchain-technology-f2020/lecture5.pdf]
[ghadaalmashaqbeh.github.io/courses/blockchain-technology-f2020/lecture3.pdf]
[ghadaalmashaqbeh.github.io/courses/blockchain-technology-f2020/lecture4.pdf]
[ghadaalmashaqbeh.github.io/courses/blockchain-technology-f2020/lecture1.pdf]
[ghadaalmashaqbeh.github.io/courses/blockchain-technology-f2020/index.html]
[ghadaalmashaqbeh.github.io/courses/blockchain-technology-f2020/lecture2.pdf]
